[    0.000000] Initializing cgroup subsys cpuset
[  0.000000] Initializing cgroup subsys cpu
[    0.000000] Initializing cgroup subsys cpuacct
[    0.000000] Linux version 4.4.0-154-generic (buildd@lgw01-amd64-049) (gcc version 5.4.0 20160609 (Ubuntu 5.4.0-6ubuntu1~16.04.10) ) #181-Ubuntu SMP Tue Jun 25 05:29:03 UTC 219 (buntu 4.4.0-154.181-generic 4.4.179)
[    0.000000] Command line: BOOT_IMAGE=/boot/vmlinuz-4.4.0-154-generic root=UUID=a3c9dcff-69bf-4773-b3e6-e1b31dc04dbe ro console=tty1 console=ttyS0
[    0.000000] KERNEL supported cpus:
[    0.000000]   Intel GenuineIntel
[    0.000000]   AMD AuthenticAMD
[    0.000000]   Centaur CentaurHuls
[    0.000000] x86/fpu: xstate_offset[2]:  576, xstate_sizes[2]:  256
[    0.000000] x86/fpu: Supporting XSAVE feature 0x01: 'x87 floating point registrs
   0.000000] x86/fpu: Supporting XSAVE feature 0x02: 'SSE registers'
[    0.000000] x86/fpu: Supporng XSAV fatur0x: 'AVX registers'
[    0.000000] x86/fpu: Enabled xstate features 0x7, context size is 832 bytes, using 'standard' format.
[    0.000000] e820: BIOS-provided physical RAM map:
[    0.000000] BIOS-e820: [mem 0x0000000000000000-0x000000000009fbff] usable
[    0.000000] BIOS-e820: [mem 0x000000000009fc00-0x000000000009ffff] reserved
[    0.000000] BIOS-e820: [mem 0x00000000000f0000-0x00000000000fffff] reserved
[    0.0000000] BIOS-e820: [mem 0x0000000000100000-0x00000000dffeffff] usable
[    0.000000] BIOS-e820: [mem 0x00000000dfff0000-0x00000000dfffffff] ACPI data
[    0.000000] BIOS-e820: [mem 0x00000000fec00000-0x00000000fec00fff] reserved
[    0.000000] BIOS-e820: [mem 0x00000000fee00000-0x00000000fee00fff] reserved
[    0.000000] BIOS-e820: [mem 0x00000000fffc0000-0x00000000fffff] rserved
[    0.000000] BIOS-e820: [mem 0x0000000100000000-0x000000011fffffff] usable
[    0.000000] NX (Execute Disable) protection: active
[  0.000000] SMBIOS 2.5 present.
[    0.000000] Hypervisor detected: KVM
[    0.000000] e820: last_pfn = 0x120000 max_arch_pfn = 0x400000000
[    0.000000] MTRR: Disabled
[    0.000000] x86/PAT: MTRRs disabled, skipping PAT initialization too.
[    0.000000] CPU MTRRs all blank - virtualized system.
[    0.000000] x86/PAT: Configuration [0-7]: WB  WT  UC- UC  WB  WT  UC- UC  
[    0.000000] e820: last_pfn = 0xdfff0 max_arch_pfn = 0x400000000
[    0.000000] found SMP MP-table at [mem 0x0009fff0-0x0009ffff] mapped at [ffff88000009fff0]
[    0.000000] Scanning 1 areas for low memory corruption
[    0.000000] RAMDISK: [mem 0x361ee000-0x370eefff]
[    0.000000] ACPI: Early table checksum verification disabled
[    0.000000] ACPI: RSDP 0x00000000000E0000 000024 (v02 VBOX  )
[    0.000000] ACPI: XSDT 0x00000000DFFF0030 00003C (v01 VBOX   VBOXXSDT 00000001 ASL  00000061)
[    0.000000] ACPI: FACP 0x00000000DFFF00F0 0000F4 (v04 VBOX   VBOXFACP 00000001 ASL  00000061)
[    0.000000] ACPI: DSDT 0x00000000DFFF0470 0021FF (v02 VBOX   VBOXBIOS 00000002 INTL 20100528)
[    0.000000] ACPI: FACS 0x00000000DFFF0200 000040
[    0.000000] ACPI: FACS 0x00000000DFFF0200 000040
[    0.000000] ACPI: APIC 0x00000000DFFF0240 00005C (v02 VBOX   VBOXAPIC 00000001 ASL  00000061)
[    0.000000] ACPI: SSDT 0x00000000DFFF02A0 0001CC (v01 VBOX   VBOXCPUT 00000002 INTL 20100528)
[    0.000000] No NUMA configuration found
[    0.000000] Faking a node at [mem 0x0000000000000000-0x000000011fffffff]
[    0.000000] NODE_DATA(0) allocated [mem 0x11fff7000-0x11fffbfff]
[    0.000000] kvm-clock: Using msrs 4b564d01 and 4b564d00
[    0.000000] kvm-clock: cpu 0, msr 1:1ffef001, primary cpu clock
[    0.000000] kvm-clock: using sched offset of 3724095844 cycles
[    0.000000] clocksource: kvm-clock: mask: 0xffffffffffffffff max_cycles: 0x1cd42e4dffb, max_idle_ns: 881590591483 ns
[    0.000000] Zone ranges:
[    0.000000]   DMA      [mem 0x0000000000001000-0x0000000000ffffff]
[    0.000000]   DMA32    [mem 0x0000000001000000-0x00000000ffffffff]
[    0.000000]   Normal   [mem 0x0000000100000000-0x000000011fffffff]
[    0.000000]   Device   empty
[    0.000000] Movable zone start for each node
[    0.000000] Early memory node ranges
[    0.000000]   node   0: [mem 0x0000000000001000-0x000000000009efff]
[    0.000000]   node   0: [mem 0x0000000000100000-0x00000000dffeffff]
[    0.000000]   node   0: [mem 0x0000000100000000-0x000000011fffffff]
[    0.000000] Initmem setup node 0 [mem 0x0000000000001000-0x000000011fffffff]
[    0.000000] ACPI: PM-Timer IO Port: 0x4008
[    0.00000]IOIC[0]:apic_id 2, version 32, address 0xfec00000, GSI 0-
    0.000000] ACPI: INT_SRC_OVR (bus 0 bus_irq 0 global_irq 2 dfl dfl)
[    0.000000] ACPI: INT_SRC_OVR (bus 0 bus_irq 9 global_irq 9 low level)
[    0.000000] Using ACPI (MADT) for SMP configuration information
[    0.000000] smpboot: Allowing 2 CPUs, 0 hotplug CPUs
[    0.000000] PM: Registered nosave memory: [mem 0x00000000-0x00000fff]
[    0.000000] PM: Registered nosave memory: [mem 0x0009f000-0x0009ffff]
[    0.000000] PM: Registered nosave memory: [mem 0x000a0000-0x000effff]
[    0.000000] PM: Registered nosave memory: [mem 0x000f0000-0x000fffff]
[    0.000000] PM: Registered nosave memory: [mem 0xdfff0000-0xdfffffff]
[    0.000000] PM: Registered nosave memory: [mem 0xe00000000-0xfebfffff]
[    0.000000] PM: Registered nosave memory: [mem 0xfec00000-0xfec00fff]
[    0.000000] PM: Registered nosave memory: [mem 0xfec01000-0xfedfffff]
[    0.000000] PM: Registered nosave memory: [mem 0xfee00000-0xfee00fff]
[    0.000000] PM: Registered nosave memory: [mem 0xfee01000-0xfffbffff]
[    0.000000] PM: Registered nosave memory: [mem 0xfffc0000-0xffffffff]
[    0.000000] e820: [mem 0xe0000000-0xfebfffff] available for PCI devices
[    0.000000] Booting paravirtualized kernel on KVM
[    0.000000] clocksource: refined-jiffies: mask: 0xffffffff max_cycles: 0xffffffff, max_idle_ns: 7645519600211568 ns
[    0.000000] setup_percpu: NR_CPUS:512 nr_cpumask_bits:512 nr_cpu_ids:2 nr_node_ids:1
[    0.000000] PERCPU: Embedded 34 pages/cpu @ffff88011fc00000 s99480 r8192 d31592 u1048576
[    0.000000] Built 1 zonelists in Node order, mobility grouping on.  Total pages: 1032056
[    0.000000] Policy zone: Normal
[    0.000000] Kernel command line: BOOT_IMAE=/boot/vmlinuz-4.4.0-154-generic root=UUID=a3c9dcff-69bf-4773-b3e6-e1b31dc4dbe ro console=tty1 console=ttyS0
[    0.000000] PID hash table entries: 4096 (order: 3, 32768 bytes)
[    0.000000] Memory: 4027708K/4193848K available (8613K kernel code, 1335K rdata, 4028K rodata, 1484K init, 1284K bss, 166140K reserved, 0K cma-reserved)
[    0.000000] SLUB: HWalign=64, Order=0-3, MinObjects=0, CPUs=2, Nodes=1
[    0.000000] Kernel/User page bles isolation: enabled
[    0.000000] Hierarchical RCU implementation.
[    0.000000] 	Build-time adjustment of leaf fanout to 64.
[    0.000000] 	RCU restricting CPUs from NR_CPUS=512 to nr_cpu_ids=2.
[    0.000000] RCU: Adjusting geometry for rcu_fanout_leaf=64, nr_cpu_ids=2
[    0.000000] NRIRQS:33024 nr_irqs:440 16
[    0.000000] Console: colour VGA+ 80x25
[    0.000000] console [tty1] enabled
[    0.000000] console [ttyS0] enabled
[    0.000000] tsc: Detected 3329.306 MHz processor
[    0.779713] Calibrating delay loop (skipped) preset value.. 6658.61 BogoMIPS (lpj=13317224)
[    0.781263] pid_max: default: 32768 minimum: 301
[    0.782077] ACPI: Core revision 20150930
[    0.783871] ACPI: 2 ACPI AML tablessuccesflly acquired and loaded
[    0.842430] Security Framework initialized
[    0.843377] Yama: becoming mindful.
[    0.844060] AppArmor: AppArmor initialized
[    0.845919] Dentry cache hash table entries: 524288 (order: 10, 4194304 bytes)
[    0.878605] Inode-cache hash table entries: 262144 (order: 9, 2097152 bytes)
[    0.880166] Mount-cache hash table entries: 8192 (order: 4, 65536 bytes)
[    0.881261] Mountpoint-cache hash table entries: 8192 (order: 4, 65536 bytes)
[    0.896496] Initializing cgroup subsys io
[    0.900535] Initializing cgroup subsys memory
[    0.939190] Initializing cgroup subsys devices
[    0.940014] Initializing cgroup subsys freezer
[    0.940806] Initializing cgroup subsys net_cls
[    0.964350] Initializing cgroup subsys perf_event
[    0.965174] Initializing cgroup subsys net_prio
[    0.966002] Initializing cgroup subsys hugetlb
[    0.966832] Initializing cgroup subsys pids
[    0.968013] mce: CPU supports 0 MCE banks
[    0.968788] Last level iTLB entries: 4KB 512, 2MB 8, 4MB 8
[    0.969724] Last level dTLB entries: 4KB 512, 2MB 32, 4MB 32, 1GB 0
[    1.000086] Spectre V2 : Mitigation: Full generic retpoline
[    1.001050] Spectre V2 : Spectre v2 / SpectreRSB mitigation: Filling RSB on context switch
[    1.002499] Speculative Store Bypass: Vulnerable
[    1.003570] MDS: Vulnerable: Clear CPU buffers attempted, no microcode
[    1.007150] Freeing SMP alternatives memory: 36K
[    1.019489] ftrace: allocating 32299 entries in 127 pages
[    1.078997] smpboot: APIC(0) Converting physical 0 to logical package 0
[    1.095339] smpboot: Max logical packages: 1
[    1.096364] x2apic enabled
[    1.097157] Switched APIC routing to physical x2apic.
[    1.155399] ..TIMER: vector=0x30 apic1=0 pin1=2 apic2=-1 pin2=-1
[    1.287914] smpboot: CPU0: Intel(R) Core(TM) i5-3550 CPU @ 3.30GHz (family: 0x6, model: 0x3a, stepping: 0x9)
[    1.400769] Performance Events: unsupported p6 CPU model 58 no PMU driver, software events only.
[    1.426353] KVM setup paravirtual spinlock
[    1.434326] x86: Booting SMP configuration:
[    1.435098] .... node  #0, CPUs:      #1
[    1.460666] kvm-clock: cpu 1, msr 1:1ffef041, secondary cpu clock
[    1.461679] mce: CPU supports 0 MCE banks
[    1.464142] x86: Booted up 1 node, 2 CPUs
[    1.465109] smpboot: Total of 2 processors activated (13317.22 BogoMIPS)
[    1.466639] devtmpfs: initialized
[    1.469198] evm: security.selinux
[    1.469920] evm: security.SMACK64
[    1.472009] evm: security.SMACK64EXEC
[    1.473096] evm: security.SMACK64TRANSMUTE
[    1.479613] evm: security.SMACK64MMAP
[    1.480306] evm: security.ima
[    1.481959] evm: security.capability
[    1.488779] clocksource: jiffies: mask: 0xffffffff max_cycles: 0xffffffff, max_idle_ns: 7645041785100000 ns
[    1.490482] futex hash table entries: 512 (order: 3, 32768 bytes)
[    1.492651] pinctrl core: initialized pinctrl subsystem
[    1.493768] RTC time: 17:25:02, date: 07/07/19
[    1.494711] NET: Registered protocol family 16
[    1.506914] cpuidle: using governor ladder
[    1.534893] cpuidle: using governor menu
[    1.535676] PCCT header not found.
[    1.542138] ACPI: bus type PCI registered
[    1.544893] acpiphp: ACPI Hot Plug PCI Controller Driver version: 0.5
[    1.553667] PCI: Using configuration type 1 for base access
[    1.570524] ACPI: Added _OSI(Module Device)
[    1.571326] ACPI: Added _OSI(Processor Device)
[    1.572133] ACPI: Added _OSI(3.0 _SCP Extensions)
[    1.573205] ACPI: Added _OSI(Processor Aggregator Device)
[    1.577814] ACPI: Executed 1 blocks of module-level executable AML code
[    1.580735] ACPI: Interpreter enabled
[    1.582553] ACPI: (supports S0 S5)
[    1.583320] ACPI: Using IOAPIC for interrupt routing
[    1.584315] PCI: Using host bridge windows from ACPI; if necessary, use "pci=nocrs" and report a bug
[    1.589313] ACPI: PCI Root Bridge [PCI0] (domain 0000 [bus 00-ff])
[    1.590402] acpi PNP0A03:00: _OSC: OS supports [ASPM ClockPM Segments MSI]
[    1.591507] acpi PNP0A03:00: _OSC: not requesting OS control; OS requires [ExtendedConfig ASPM ClockPM MSI]
[    1.593455] acpi PNP0A03:00: fail to add MMCONFIG information, can't access extended PCI configuration space under this bridge.
[    1.595670] PCI host bridge to bus 0000:00
[    1.596412] pci_bus 0000:00: root bus resource [io  0x0000-0x0cf7 window]
[    1.597493] pci_bus 0000:00: root bus resource [io  0x0d00-0xffff window]
[    1.607333] pci_bus 0000:00: root bus resource [mem 0x000a0000-0x000bffff window]
[    1.608826] pci_bus 0000:00: root bus resource [mem 0xe0000000-0xfdffffff window]
[    1.627040] pci_bus 0000:00: root bus resource [bus 00-ff]
[    1.629702] pci 0000:00:01.1: legacy IDE quirk: reg 0x10: [io  0x01f0-0x01f7]
[    1.630914] pci 0000:00:01.1: legacy IDE quirk: reg 0x14: [io  0x03f6]
[    1.632020] pci 0000:00:01.1: legacy IDE quirk: reg 0x18: [io  0x0170-0x0177]
[    1.633358] pci 0000:00:01.1: legacy IDE quirk: reg 0x1c: [io  0x0376]
[    1.683202] pci 0000:00:07.0: quirk: [io  0x4000-0x403f] claimed by PIIX4 ACPI
[    1.690549] pci 0000:00:07.0: quirk: [io  0x4100-0x410f] claimed by PIIX4 SMB
[    1.725163] ACPI: PCI Interrupt Link [LNKA] (IRQs 5 9 10 *11)
[    1.781662] ACPI: PCI Interrupt Link [LNKB] (IRQs 5 9 *10 11)
[    1.783429] ACPI: PCI Interrupt Link [LNKC] (IRQs 5 *9 10 11)
[    1.784804] ACPI: PCI Interrupt Link [LNKD] (IRQs 5 9 10 *11)
[    1.786329] ACPI: Enabled 2 GPEs in block 00 to 07
[    1.797439] vgaarb: setting as boot device: PCI:0000:00:02.0
[    1.804853] vgaarb: device added: PCI:0000:00:02.0,decodes=io+mem,owns=io+mem,locks=none
[    1.807346] vgaarb: loaded
[    1.807959] vgaarb: bridge control possible 0000:00:02.0
[    1.815595] SCSI subsystem initialized
[    1.816485] ACPI: bus type USB registered
[    1.817265] usbcore: registered new interface driver usbfs
[    1.819843] usbcore: registered new interface driver hub
[    1.827243] usbcore: registered new device driver usb
[    1.866165] PCI: Using ACPI for IRQ routing
[    1.875017] NetLabel: Initializing
[    1.875673] NetLabel:  domain hash size = 128
[    1.876444] NetLabel:  protocols = UNLABELED CIPSOv4
[    1.877305] NetLabel:  unlabeled traffic allowed by default
[    1.884571] amd_nb: Cannot enumerate AMD northbridges
[    1.888452] clocksource: Switched to clocksource kvm-clock
[    1.897596] AppArmor: AppArmor Filesystem Enabled
[    1.901248] pnp: PnP ACPI init
[    1.902742] pnp: PnP ACPI: found 3 devices
[  1.912780] clocksource: acpi_pm: mask: 0xffffff max_cycles: 0xffffff, max_idle_ns: 2085701024 ns
[    1.960030] NET: Registered protocol family 2

[    1.960997] TCP established hash table entries: 32768 (order: 6, 262144 bytes)
[    1.962394] TCP bind hash table entries: 32768 (order: 7, 524288 bytes)
[    1.967102] TCP: Hash tables confired (tabisd 76bid 3276
    2.320690] UDP hash table entries: 2048 (order: 4, 65536 bytes)
[    2.344100] UDP-Lite hash table entries: 2048 (order: 4, 65536 bytes)
[    2.345225] NET: Registered protocol family 1
[    2.346057] pci 0000:00:00.0: Limiting direct PCI/PCI transfers
[    2.347074] pci 0000:00:01.0: Activating ISA DMA hang workarounds
[  24839]npki initramfs...

[    2.817370] Freeing initrd memory: 15364K
[    2.877525] PCI-DMA: Using software bounce buffering for IO (SWIOTLB)
[    2.878593] software IO TLB: mapped [mem 0xdbff0000-0xdfff0000] (64MB)
[    2.889051] RAPL PMU detected, API unit is 2^-32 Joules, 3 fixed counters 10737418240 ms ovfl timer
[    2.892575] hw unit of domain pp0-core 2^-0 Joules
[    2.911635] hw unit of domain package 2^-0 Joules
[    2.912468] hw unit of domain pp1-gpu 2^-0 Joules
[    2.914619] clocksource: tsc: mask: 0xffffffffffffffff max_cycles: 0x2ffd7102eb9, max_idle_ns: 440795349108 ns
[    2.916375] platform rtc_cmos: registered platform RTC device (no PNP device found)
[    2.920090] Scanning for low memory corruption every 60 seconds
[    2.921494] audit: initializing netlink subsys (disabled)
[    2.923922] audit: type=2000 audit(1562520307.835:1): initialized
[    2.925213] Initialise system trusted keyring
[    2.926180] HugeTLB registered 2 MB page size, pre-allocated 0 pages
[    2.928349] zbud: loaded
[    2.930918] VFS: Disk quotas dquot_6.6.0
[    2.931691] VFS: Dquot-cache hash table entries: 512 (order 0, 4096 bytes)
[    2.933113] squashfs: version 4.0 (2009/01/31) Phillip Lougher
[    2.934368] fuse init (API version 7.23)
[    2.935212] Key type big_key registered
[    2.935954] Allocating IMA MOK and blacklist keyrings.
[    2.937726] Key type asymmetric registered
[    2.938484] Asymmetric key parser 'x509' registered
[    2.939775] Block layer SCSI generic (bsg) driver version 0.4 loaded (major 249)
[    2.941208] io scheduler noop registered
[    2.941947] io scheduler deadline registered (default)
[    2.942927] io scheduler cfq registered
[    2.943779] pci_hotplug: PCI Hot Plug PCI Core version: 0.5
[    2.944747] pciehp: PCI Express Hot Plug Controller Driver version: 0.4
[    2.945931] ACPI: AC Adapter [AC] (on-line)
[    2.946738] input: Power Button as /devices/LNXSYSTM:00/LNXPWRBN:00/input/input0
[    2.949597] ACPI: Power Button [PWRF]
[    2.950363] input: Sleep Button as /devices/LNXSYSTM:00/LNXSLPBN:00/input/input1
[    2.956724] ACPI: Sleep Button [SLPF]
[    2.957673] GHES: HEST is not enabled!
[    2.958504] Serial: 8250/16550 driver, 32 ports, IRQ sharing enabled
[    2.981951] 00:02: ttyS0 at I/O 0x3f8 (irq = 4, base_baud = 115200) is a 16550A
[    3060]in apgrt ierface v0.103

[    3.322864] loop: module loaded
[    3.324197] scsi host0: ata_piix
[    3.325097] scsi host1: ata_piix
[    3.325807] ata1: PATA max UDMA/33 cmd 0x1f0 ctl 0x3f6 bmdma 0xd000 irq 14
[    3.326910] ata2: PATA max UDMA/33 cmd 0x170 ctl 0x376 bmdma 0xd008 irq 15
[    3.328125] libphy: Fixed MDIO Bus: probed
[    3.344133] tun: Universal TUN/TAP device driver, 1.6
[    3.345042] tun: (C) 1999-2004 Max Krasnyansky <maxk@qualcomm.com>
[    3.380621] PPP generic driver version 2.4.2
[    3.411334] ehci_hcd: USB 2.0 'Enhanced' Host Controller (EHCI) Driver
[    3.412409] ehci-pci: EHCI PCI platform driver
[    3.418785] ehci-platform: EHCI generic platform driver
[    3.433657] ohci_hcd: USB 1.1 'Open' Host Controller (OHCI) Driver
[    3.440310] ohci-pci: OHCI PCI platform driver
[    3.441171] ohci-platform: OHCI generic platform driver
[    3.442060] uhci_hcd: USB Universal Host Controller Interface driver
[    3.443205] i8042: PNP: PS/2 Controller [PNP0303:PS2K,PNP0f03:PS2M] at 0x60,0x64 irq 1,12
[    3.445174] serio: i8042 KBD port at 0x60,0x64 irq 1
[    3.446053] serio: i8042 AUX port at 0x60,0x64 irq 12
[    3.447040] mousedev: PS/2 mouse device common for all mice
[    3.448631] rtc_cmos rtc_cmos: rtc core: registered rtc_cmos as rtc0
[    3.470532] rtc_cmos rtc_cmos: alarms up to one day, 114 bytes nvram
[    3.471620] input: AT Translated Set 2 keyboard as /devices/platform/i8042/serio0/input/input2
[    3.473190] i2c /dev entries driver
[    3.473953] device-mapper: uevent: version 1.0.3
[    3.474874] device-mapper: ioctl: 4.34.0-ioctl (2015-10-28) initialised: dm-devel@redhat.com
[    3.476355] ledtrig-cpu: registered to indicate activity on CPUs
[    3.482263] NET: Registered protocol family 10
[    3.483237] NET: Registered protocol family 17
[    3.484038] Key type dns_resolver registered
[    3.486847] registered taskstats version 1
[    3.487641] Loading compiled-in X.509 certificates
[    3.490675] Loaded X.509 cert 'Build time autogenerated kernel key: 65139e04a67245b562a838c28b5e7032abdd4348'
[    3.492369] zswap: loaded using pool lzo/zbud
[    3.495123] Key type trusted registered
[    3.500521] Key type encrypted registered
[    3.501320] AppArmor: AppArmor sha1 policy hashing enabled
[    3.502266] ima: No TPM chip found, activating TPM-bypass!
[    3.503196] ima: Allocated hash algorithm: sha1
[    3.504001] evm: HMAC attrs: 0x1
[    3.504974]   Magic number: 11:708:440
[    3.505745] clockevents broadcast: hash matches
[    3.506607] rtc_cmos rtc_cmos: setting system clock to 2019-07-07 17:25:04 UTC (1562520304)
[    3.508207] BIOS EDD facility v0.16 2004-Jun-25, 0 devices found
[    3.511064] EDD information not available.
[    3.513049] Freeing unused kernel memory: 1484K
[    3.524728] Write protecting the kernel read-only data: 14336k
[    3.540536] Freeing unused kernel memory: 1616K
[    3.559112] Freeing unused kernel memory: 68K
Loading, please wait...
starting version[    3.572277] random: systemd-udevd: uninitialized urandom read (16 bytes read, 2 bits of entropy available)
 229
[    3.572823] random: udevadm: uninitialized urandom read (16 bytes read, 2 bits of entropy available)
[    3.572842] random: udevadm: uninitialized urandom read (16 bytes read, 2 bits of entropy available)
[    3.580417] random: systemd-udevd: uninitialized urandom read (16 bytes read, 2 bits of entropy available)
[    3.582297] random: udevadm: uninitialized urandom read (16 bytes read, 2 bits of entropy available)
[    3.582338] random: udevadm: uninitialized urandom read (16 bytes read, 2 bits of entropy available)
[    3.582478] random: udevadm: uninitialized urandom read (16 bytes read, 2 bits of entropy available)
[    3.582532] random: udevadm: uninitialized urandom read (16 bytes read, 2 bits of entropy available)
[    3.582586] random: udevadm: uninitialized urandom read (16 bytes read, 2 bits of entropy available)
[    3.582659] random: udevadm: uninitialized urandom read (16 bytes read, 2 bits of entropy available)
[    3.687167] e1000: Intel(R) PRO/1000 Network Driver - version 7.3.21-k8-NAPI
[    3.742183] e1000: Copyright (c) 1999-2006 Intel Corporation.
[    3.758900] AVX version of gcm_enc/dec engaged.
[    3.785441] AES CTR mode by8 optimization enabled
[    3.819104] Fusion MPT base driver 3.04.20
[    3.820116] Copyright (c) 1999-2008 LSI Corporation
[    3.826357] Fusion MPT SPI Host driver 3.04.20
[    3.994225] input: ImExPS/2 Generic Explorer Mouse as /devices/platform/i8042/serio1/input/input4
[    4.120781] e1000 0000:00:03.0 eth0: (PCI:33MHz:32-bit) 02:85:21:9d:c0:72
[    4.188381] e1000 0000:00:03.0 eth0: Intel(R) PRO/1000 Network Connection
[    4.569403] e1000 0000:00:08.0 eth1: (PCI:33MHz:32-bit) 08:00:27:ad:51:b3
[    4.621748] e1000 0000:00:08.0 eth1: Intel(R) PRO/1000 Network Connection
[    4.623835] e1000 0000:00:03.0 enp0s3: renamed from eth0
[    4.623867] mptbase: ioc0: Initiating bringup
[    4.645981] e1000 0000:00:08.0 enp0s8: renamed from eth1
[    4.700939] ioc0: LSI53C1030 A0: Capabilities={Initiator}
[    5.292225] scsi host2: ioc0: LSI53C1030 A0, FwRev=00000000h, Ports=1, MaxQ=256, IRQ=20
[    5.944653] scsi 2:0:0:0: Direct-Access     VBOX     HARDDISK         1.0  PQ: 0 ANSI: 5
[    6.287079] scsi target2:0:0: Beginning Domain Validation
[    6.288885] scsi target2:0:0: Domain Validation skipping write tests
[    6.289918] scsi target2:0:0: Ending Domain Validation
[    6.290826] scsi target2:0:0: asynchronous
[    6.291881] scsi 2:0:1:0: Direct-Access     VBOX     HARDDISK         1.0  PQ: 0 ANSI: 5
[    6.313275] scsi target2:0:1: Beginning Domain Validation
[    6.314792] scsi target2:0:1: Domain Validation skipping write tests
[    6.315832] scsi target2:0:1: Ending Domain Validation
[    6.877552] scsi target2:0:1: asynchronous
[    6.882969] sd 2:0:0:0: [sda] 20971520 512-byte logical blocks: (10.7 GB/10.0 GiB)
[    6.884527] sd 2:0:0:0: [sda] Write Protect is off
[    6.885503] sd 2:0:0:0: [sda] Incomplete mode parameter data
[    6.886767] sd 2:0:0:0: [sda] Assuming drive cache: write through
[    6.887879] sd 2:0:0:0: Attached scsi generic sg0 type 0
[    6.889894] sd 2:0:1:0: [sdb] 20480 512-byte logical blocks: (10.5 MB/10.0 MiB)
[    6.891265]  sda: sda1
[    6.891955] sd 2:0:1:0: [sdb] Write Protect is off
[    6.899210] sd 2:0:1:0: Attached scsi generic sg1 type 0
[    6.909773] sd 2:0:1:0: [sdb] Incomplete mode parameter data
[    6.909810] sd 2:0:0:0: [sda] Attached SCSI disk
[    6.911636] sd 2:0:1:0: [sdb] Assuming drive cache: write through
[    6.941271] sd 2:0:1:0: [sdb] Attached SCSI disk
Begin: Loading e[    8.280171] md: linear personality registered for level -1
ssential drivers ... [    8.319998] md: multipath personality registered for level -4
[    8.323128] md: raid0 personality registered for level 0
[    8.327655] md: raid1 personality registered for level 1
[    8.412782] raid6: sse2x1   gen()  8967 MB/s
[    8.480749] raid6: sse2x1   xor()  7336 MB/s
[    8.584727] raid6: sse2x2   gen() 11411 MB/s
[    8.664736] raid6: sse2x2   xor()  8174 MB/s
[    8.732755] raid6: sse2x4   gen() 13575 MB/s
[    8.800757] raid6: sse2x4   xor() 10156 MB/s
[    8.817004] raid6: using algorithm sse2x4 gen() 13575 MB/s
[    8.817952] raid6: .... xor() 10156 MB/s, rmw enabled
[    8.845220] raid6: using ssse3x2 recovery algorithm
[    8.847496] xor: automatically using best checksumming function:
[    8.912833]    avx       : 22488.000 MB/sec
[    8.915144] async_tx: api initialized (async)
[    8.925341] md: raid6 personality registered for level 6
[    8.932202] md: raid5 personality registered for level 5
[    8.933476] md: raid4 personality registered for level 4
[    8.941270] md: raid10 personality registered for level 10
done.
Begin: Running /scripts/init-premount ... done.
Begin: Mounting root file system ... Begin: Running /scripts/local-top ... done.
Begin: Running /scripts/local-premount ... [    8.973651] Btrfs loaded
Scanning for Btrfs filesystems
done.
Warning: fsck not present, so skipping root file system
[    9.039921] EXT4-fs (sda1): mounted filesystem with ordered data mode. Opts: (null)
done.
Begin: Running /scripts/local-bottom ... done.
Begin: Running /scripts/init-bottom ... done.
[    9.579592] systemd[1]: systemd 229 running in system mode. (+PAM +AUDIT +SELINUX +IMA +APPARMOR +SMACK +SYSVINIT +UTMP +LIBCRYPTSETUP +GCRYPT +GNUTLS +ACL +XZ -LZ4 +SECCOMP +BLKID +ELFUTILS +KMOD -IDN)
[    9.605975] systemd[1]: Detected virtualization oracle.
[    9.606922] systemd[1]: Detected architecture x86-64.

Welcome to [1mUbuntu 16.04.6 LTS[0m!

[    9.651895] systemd[1]: Set hostname to <ubuntu-xenial>.
[   10.071793] random: nonblocking pool is initialized
[   10.324510] systemd[1]: Listening on Journal Socket.
[[0;32m  OK  [0m] Listening on Journal Socket.
[   10.327649] systemd[1]: Set up automount Arbitrary Executable File Formats File System Automount Point.
[[0;32m  OK  [0m] Set up automount Arbitrary Executab...ats File System Automount Point.
[   10.334492] systemd[1]: Listening on Device-mapper event daemon FIFOs.
[[0;32m  OK  [0m] Listening on Device-mapper event daemon FIFOs.
[   10.393074] systemd[1]: Listening on udev Control Socket.
[[0;32m  OK  [0m] Listening on udev Control Socket.
[   10.396968] systemd[1]: Listening on /dev/initctl Compatibility Named Pipe.
[[0;32m  OK  [0m] Listening on /dev/initctl Compatibility Named Pipe.
[   10.413028] systemd[1]: Created slice System Slice.
[[0;32m  OK  [0m] Created slice System Slice.
[   10.433235] systemd[1]: Starting Create list of required static device nodes for the current kernel...
         Starting Create list of required st... nodes for the current kernel...
[   10.455734] systemd[1]: Mounting Debug File System...
         Mounting Debug File System...
[   10.462730] systemd[1]: Starting Set console keymap...
         Starting Set console keymap...
[   10.509243] systemd[1]: Listening on Journal Audit Socket.
[[0;32m  OK  [0m] Listening on Journal Audit Socket.
[   10.533106] systemd[1]: Mounting Huge Pages File System...
         Mounting Huge Pages File System...
[   10.551635] systemd[1]: Starting Nameserver information manager...
         Starting Nameserver information manager...
[   10.616664] systemd[1]: Mounting POSIX Message Queue File System...
         Mounting POSIX Message Queue File System...
[   10.629005] systemd[1]: Listening on Journal Socket (/dev/log).
[[0;32m  OK  [0m] Listening on Journal Socket (/dev/log).
[   10.636865] systemd[1]: Reached target Swap.
[[0;32m  OK  [0m] Reached target Swap.
[   10.642014] systemd[1]: Started Forward Password Requests to Wall Directory Watch.
[[0;32m  OK  [0m] Started Forward Password Requests to Wall Directory Watch.
[   10.697108] systemd[1]: Starting Load Kernel Modules...
         Starting Load Kernel Modules...
[   10.714550] systemd[1]: Created slice system-serial\x2dgetty.slice.
[[0;32m  OK  [0m] Created slice system-serial\x2dgetty.slice.
[   10.716594] systemd[1]: Listening on udev Kernel Socket.
[[0;32m  OK  [0m] Listening on udev Kernel Socket.
[   10.721438] systemd[1]: Listening on LVM2 metadata daemon socket.
[[0;32m  OK  [0m] Listening on LVM2 metadata daemon socket.
[   10.723729] systemd[1]: Created slice User and Session Slice.
[[0;32m  OK  [0m] Created slice User and Session Slice.
[   10.728810] systemd[1]: Reached target Slices.
[[0;32m  OK  [0m] Reached target Slices.
[   10.738502] systemd[1]: Listening on LVM2 poll daemon socket.
[[0;32m  OK  [0m] Listening on LVM2 poll daemon socket.
[   10.740413] systemd[1]: Reached target User and Group Name Lookups.
[[0;32m  OK  [0m] Reached target User and Group Name Lookups.
[   10.750414] systemd[1]: Listening on Syslog Socket.
[[0;32m  OK  [0m] Listening on Syslog Socket.
[   10.768659] systemd[1]: Starting Journal Service...
[   10.820370] Loading iSCSI transport class v2.0-870.
         Starting Journal Service...
[   10.862979] iscsi: registered transport (tcp)
[   10.891282] systemd[1]: Reached target System Time Synchronized.
[[0;32m  OK  [0m] Reached target System Time Synchronized.
[   10.908697] systemd[1]: Starting Monitoring of LVM2 mirrors, snapshots etc. using dmeventd or progress polling...
         Starting Monitoring of LVM2 mirrors... dmeventd or progress polling...
[   11.009277] systemd[1]: Starting Remount Root and Kernel File Systems...
         Starting Remount Root and Kernel File Systems...
[   11.012630] iscsi: registered transport (iser)
[   11.012769] systemd[1]: Started Trigger resolvconf update for networkd DNS.
[[0;32m  OK  [[   11.021379] EXT4-fs (sda1): re-mounted. Opts: (null)
0m] Started Trigger resolvconf update for networkd DNS.
[   11.051879] systemd[1]: Starting Uncomplicated firewall...
         Starting Uncomplicated firewall...
[   11.054141] systemd[1]: Reached target Encrypted Volumes.
[[0;32m  OK  [0m] Reached target Encrypted Volumes.
[   11.057380] systemd[1]: Mounted POSIX Message Queue File System.
[[0;32m  OK  [0m] Mounted POSIX Message Queue File System.
[ 11.088756] systemd[1]: Mounted Huge Pages File System.

[[0;32m  OK  [0m] Mounted Huge Pages File System.
[   11.135905] systemd[1]: Mounted Debug File System.
[[0;32m  OK  [0m] Mounted Debug File System.
[   11.138218] systemd[1]: Started Journal Service.
[[0;32m  OK  [0m] Started Journal Service.
[[0;32m  OK  [0m] Started Create list of required sta...ce nodes for the current kernel.
[[0;32m  OK  [0m] Started Set console keymap.
[[0;32m  OK  [0m] Started Load Kernel Modules.
[[0;32m  OK  [0m] Started Remount Root and Kernel File Systems.
[[0;32m  OK  [0m] Started Uncomplicated firewall.
[[0;32m  OK  [0m] Started Nameserver information manager.
[[0;32m  OK  [0m] Started LVM2 metadata daemon.
         Starting Load/Save Random Seed...
         Starting udev Coldplug all Devices...
         Mounting FUSE Control File System...
         Starting Apply Kernel Variables...
         Starting Create Static Device Nodes in /dev...
         Starting Flush Journal to Persistent Storage...
[[0;32m  OK  [0m] Mounted FUSE Control File System.
[[0;32m  OK  [0m] Started Load/Save Random Seed.
[   11.473160] systemd-journald[394]: Received request to flush runtime journal from PID 1
[[0;32m  OK  [0m] Started udev Coldplug all Devices.
[[0;32m  OK  [0m] Started Apply Kernel Variables.
[[0;32m  OK  [0m] Started Create Static Device Nodes in /dev.
[[0;32m  OK  [0m] Started Flush Journal to Persistent Storage.
         Starting udev Kernel Device Manager...
[[0;32m  OK  [0m] Started udev Kernel Device Manager.
[[0;32m  OK  [0m] Started Dispatch Password Requests to Console Directory Watch.
[[0;32m  OK  [0m] Started Monitoring of LVM2 mirrors,...ng dmeventd or progress polling.
[[0;32m  OK  [0m] Found device /dev/ttyS0.
[[0;32m  OK  [0m] Listening on Load/Save RF Kill Switch Status /dev/rfkill Watch.
[[0;32m  OK  [0m] Reached target Local File Systems (Pre).
[[0;32m  OK  [0m] Reached target Local File Systems.
         Starting Set console font and keymap...
         Starting Initial cloud-init job (pre-networking)...
         Starting LSB: AppArmor initialization...
         Starting Create Volatile Files and Directories...
         Starting Tell Plymouth To Write Out Runtime Data...
[[0;32m  OK  [0m] Started Tell Plymouth To Write Out Runtime Data.
[[0;32m  OK  [0m] Found device 82540EM Gigabit Ethern...r (PRO/1000 MT Desktop Adapter).
[[0;32m  OK  [0m] Started Create Volatile Files and Directories.
[[0;32m  OK  [0m] Found device 82540EM Gigabit Ethern...r (PRO/1000 MT Desktop Adapter).
         Starting Update UTMP about System Boot/Shutdown...
[[0;32m  OK  [0m] Started Set console font and keymap.
[[0;32m  OK  [0m] Created slice system-getty.slice.
[[0;32m  OK  [0m] Started Update UTMP about System Boot/Shutdown.
[[0;32m  OK  [0m] Started LSB: AppArmor initialization.
[   14.492044] cloud-init[532]: Cloud-init v. 19.1-1-gbaa47854-0ubuntu1~16.04.1 running 'init-local' at Sun, 07 Jul 2019 17:25:16 +0000. Up 14.02 seconds.
[[0;32m  OK  [0m] Started Initial cloud-init job (pre-networking).
[[0;32m  OK  [0m] Reached target Network (Pre).
[[0;32m  OK  [0m] Started ifup for enp0s3.
         Starting Raise network interfaces...
[[0;32m  OK  [0m] Started ifup for enp0s8.
[[0;32m  OK  [0m] Started Raise network interfaces.
[[0;32m  OK  [0m] Reached target Network.
         Starting Initial cloud-init job (metadata service crawler)...
[   15.634051] cloud-init[1075]: Cloud-init v. 19.1-1-gbaa47854-0ubuntu1~16.04.1 running 'init' at Sun, 07 Jul 2019 17:25:17 +0000. Up 15.18 seconds.
[   15.651374] cloud-init[1075]: ci-info: ++++++++++++++++++++++++++++++++++++++Net device info+++++++++++++++++++++++++++++++++++++++
[[0;32m  OK  [0m] Started Initial cloud-init job (metadata service crawler).
[[   15.760771] cloud-init[1075]: ci-info: +--------+------+-----------------------------+---------------+--------+-------------------+
[   15.783906] cloud-init[1075]: ci-info: | Device |  Up  |           Address           |      Mask     | Scope  |     Hw-Address    |
[0;32m  OK  [0m] Reached target Network is Online.
[   15.784262] cloud-init[1075]: ci-info: +--------+------+-----------------------------+---------------+--------+-------------------+
[   15.808145] cloud-init[1075]: ci-info: | enp0s3 | True |          10.0.2.15          | 255.255.255.0 | global | 02:85:21:9d:c0:72 |
[   15.844897] cloud-init[1075]: ci-info: | enp0s3 | True |  fe80::85:21ff:fe9d:c072/64 |       .       |  link  | 02:85:21:9d:c0:72 |
[   15.845358] cloud-init[1075]: ci-info: | enp0s8 | True |        192.168.33.10        | 255.255.255.0 | global | 08:00:27:ad:51:b3 |
         Starting iSCSI initiator daemon (iscsid)...
[   15.845562] cloud-init[1075]: ci-info: | enp0s8 | True | fe80::a00:27ff:fead:51b3/64 |       .       |  link  | 08:00:27:ad:51:b3 |
[   15.861480] cloud-init[1075]: ci-info: |   lo   | True |          127.0.0.1          |   255.0.0.0   |  host  |         .         |
[   15.861637] cloud-init[1075]: ci-info: |   lo   | True |           ::1/128           |       .       |  host  |         .         |
[   15.862609] cloud-init[1075]: ci-info: +--------+------+-----------------------------+---------------+--------+-------------------+
[[0;32m  OK  [0m] Reached target Cloud-config availability.
[[   15.863203] cloud-init[1075]: ci-info: ++++++++++++++++++++++++++++Route IPv4 info++++++++++++++++++++++++++++
[   15.968589] cloud-init[1075]: ci-info: +-------+--------------+----------+---------------+-----------+-------+
[   15.968750] cloud-init[1075]: ci-info: | Route | Destination  | Gateway  |    Genmask    | Interface | Flags |
[   15.969357] cloud-init[1075]: ci-info: +-------+--------------+----------+---------------+-----------+-------+
[   15.969606] cloud-init[1075]: ci-info: |   0   |   0.0.0.0    | 10.0.2.2 |    0.0.0.0    |   enp0s3  |   UG  |
[   15.969918] cloud-init[1075]: ci-info: |   1   |   10.0.2.0   | 0.0.0.0  | 255.255.255.0 |   enp0s3  |   U   |
[   15.970171] cloud-init[1075]: ci-info: |   2   | 192.168.33.0 | 0.0.0.0  | 255.255.255.0 |   enp0s8  |   U   |
[0;32m  OK  [0m] Reached target System Initialization.
[   15.970518] cloud-init[1075]: ci-info: +-------+--------------+----------+---------------+-----------+-------+
[   16.046355] cloud-init[1075]: ci-info: +++++++++++++++++++Route IPv6 info+++++++++++++++++++
[   16.046574] cloud-init[1075]: ci-info: +-------+-------------+---------+-----------+-------+
[   16.047272] cloud-init[1075]: ci-info: | Route | Destination | Gateway | Interface | Flags |
[[0;32m  OK  [0m] Listening on ACPID Listen Socket.
[   16.047954] cloud-init[1075]: ci-info: +-------+-------------+---------+-----------+-------+
[   16.081289] cloud-init[1075]: ci-info: |   0   |  fe80::/64  |    ::   |   enp0s8  |   U   |
[   16.082024] cloud-init[1075]: ci-info: |   1   |  fe80::/64  |    ::   |   enp0s3  |   U   |
         Starting LXD - unix socket.
[   16.082451] cloud-init[1075]: ci-info: |   4   |   ff00::/8  |    ::   |   enp0s8  |   U   |
[   16.136065] cloud-init[1075]: ci-info: |   5   |   ff00::/8  |    ::   |   enp0s3  |   U   |
[[0;32m  OK  [0m] Started Daily Cleanup of Temporary Directories.
[   16.136224] cloud-init[1075]: ci-info: +-------+-------------+---------+-----------+-------+
[[0;32m  OK  [0m] Started Daily apt download activities.
[[0;32m  OK  [0m] Started Daily apt upgrade and clean activities.
[[0;32m  OK  [0m] Listening on D-Bus System Message Bus Socket.
[[0;32m  OK  [0m] Listening on UUID daemon activation socket.
[[0;32m  OK  [0m] Started ACPI Events Check.
[[0;32m  OK  [0m] Reached target Paths.
         Starting Socket activation for snappy daemon.
[[0;32m  OK  [0m] Reached target Timers.
[[0;32m  OK  [0m] Listening on LXD - unix socket.
[[0;32m  OK  [0m] Listening on Socket activation for snappy daemon.
[[0;32m  OK  [0m] Started iSCSI initiator daemon (iscsid).
         Starting Login to default iSCSI targets...
[[0;32m  OK  [0m] Reached target Sockets.
[[0;32m  OK  [0m] Reached target Basic System.
[[0;32m  OK  [0m] Started Regular background program processing daemon.
[[0;32m  OK  [0m] Started ACPI event daemon.
         Starting System Logging Service...
         Starting Virtualbox guest utils...
         Starting MySQL Community Server...
         Starting /etc/rc.local Compatibility...
[[0;32m  OK  [0m] Started FUSE filesystem for LXC.
[[0;32m  OK  [0m] Started D-Bus System Message Bus.
         Starting LSB: MD monitoring daemon...
         Starting Accounts Service...
         Starting Snappy daemon...
         Starting Login Service...
[[0;32m  OK  [0m] Started Deferred execution scheduler.
         Starting LSB: Record successful boot for GRUB...
         Starting OpenBSD Secure Shell server...
         Starting LXD - container startup/shutdown...
[[0;32m  OK  [0m] Started System Logging Service.
[[0;32m  OK  [0m] Started /etc/rc.local Compatibility.
[[0;32m  OK  [0m] Started Login Service.
[[0;32m  OK  [0m] Started Unattended Upgrades Shutdown.
[[0;32m  OK  [0m] Started LSB: Record successful boot for GRUB.
[[0;32m  OK  [0m] Started Login to default iSCSI targets.
[[0;32m  OK  [0m] Reached target Remote File Systems (Pre).
[[0;32m  OK  [0m] Reached target Remote File Systems.
         Starting LSB: automatic crash report generation...
         Starting LSB: Set the CPU Frequency Scaling governor to "ondemand"...
         Starting Permit User Sessions...
         Starting LSB: daemon to balance interrupts for SMP systems...
[[0;32m  OK  [0m] Started LSB: MD monitoring daemon.
[[0;32m  OK  [0m] Started LSB: Set the CPU Frequency Scaling governor to "ondemand".
[[0;32m  OK  [0m] Started Permit User Sessions.
         Starting Hold until boot process finishes up...
         Starting Terminate Plymouth Boot Screen...
[[0;32m  OK  [0m] Started LSB: daemon to balance interrupts for SMP systems.
[[0;32m  OK  [0m] Started Hold until boot process finishes up.
[[0;32m  OK  [0m] Started Terminate Plymouth Boot Screen.
         Starting Set console scheme...
[[0;32m  OK  [0m] Started Serial Getty on ttyS0.
[[0;32m  OK  [0m] Started Getty on tty1.
[[0;32m  OK  [0m] Reached target Login Prompts.
[[0;32m  OK  [0m] Started LSB: automatic crash report generation.
[[0;32m  OK  [0m] Started Set console scheme.
[[0;32m  OK  [0m] Started Virtualbox guest utils.
[[0;32m  OK  [0m] Started OpenBSD Secure Shell server.
         Starting Authenticate and Authorize Users to Run Privileged Tasks...
[[0;32m  OK  [0m] Started Authenticate and Authorize Users to Run Privileged Tasks.
[[0;32m  OK  [0m] Started Accounts Service.
[[0;32m  OK  [0m] Started LXD - container startup/shutdown.
[[0;32m  OK  [0m] Started Snappy daemon.
         Starting Wait until snapd is fully seeded...
[[0;32m  OK  [0m] Started Wait until snapd is fully seeded.
         Starting Apply the settings specified in cloud-config...
[[0;32m  OK  [0m] Created slice User Slice of vagrant.
         Starting User Manager for UID 1000...
[[0;32m  OK  [0m] Started Session 1 of user vagrant.
[[0;32m  OK  [0m] Started User Manager for UID 1000.
[   21.303074] cloud-init[1352]: Cloud-init v. 19.1-1-gbaa47854-0ubuntu1~16.04.1 running 'modules:config' at Sun, 07 Jul 2019 17:25:22 +0000. Up 20.23 seconds.
[[0;32m  OK  [0m] Started Apply the settings specified in cloud-config.

Ubuntu 16.04.6 LTS ubuntu-xenial ttyS0

ubuntu-xenial login: [   25.033230] cloud-init[1550]: Cloud-init v. 19.1-1-gbaa47854-0ubuntu1~16.04.1 running 'modules:final' at Sun, 07 Jul 2019 17:25:26 +0000. Up 23.93 seconds.
[   25.033489] cloud-init[1550]: Cloud-init v. 19.1-1-gbaa47854-0ubuntu1~16.04.1 finished at Sun, 07 Jul 2019 17:25:27 +0000. Datasource DataSourceNoCloud [seed=/dev/sdb][dsmode=net].  Up 25.02 seconds
